
Discarded input sections

 .text          0x00000000        0x0 build/f7-firmware-D/.extapps/hello_world/hello_world.o
 .data          0x00000000        0x0 build/f7-firmware-D/.extapps/hello_world/hello_world.o
 .bss           0x00000000        0x0 build/f7-firmware-D/.extapps/hello_world/hello_world.o
 .comment       0x00000000       0x1c build/f7-firmware-D/.extapps/hello_world/hello_world.o

Memory Configuration

Name             Origin             Length             Attributes
*default*        0x00000000         0xffffffff

Linker script and memory map

LOAD build/f7-firmware-D/.extapps/hello_world/hello_world.o
LOAD /mnt/e/Documents/Coding/flipper/hello_world_app/flipperzero-firmware/toolchain/x86_64-linux/bin/../lib/gcc/arm-none-eabi/12.3.1/../../../../arm-none-eabi/lib/thumb/v7e-m+fp/hard/libm.a
LOAD /mnt/e/Documents/Coding/flipper/hello_world_app/flipperzero-firmware/toolchain/x86_64-linux/bin/../lib/gcc/arm-none-eabi/12.3.1/thumb/v7e-m+fp/hard/libgcc.a
LOAD /mnt/e/Documents/Coding/flipper/hello_world_app/flipperzero-firmware/toolchain/x86_64-linux/bin/../lib/gcc/arm-none-eabi/12.3.1/../../../../arm-none-eabi/lib/thumb/v7e-m+fp/hard/libstdc++_nano.a
LOAD /mnt/e/Documents/Coding/flipper/hello_world_app/flipperzero-firmware/toolchain/x86_64-linux/bin/../lib/gcc/arm-none-eabi/12.3.1/../../../../arm-none-eabi/lib/thumb/v7e-m+fp/hard/libsupc++_nano.a

.text           0x00000000       0xf4
 *(.text)
 *(.stub)
 *(.text*)
 .text.input_callback
                0x00000000        0xe build/f7-firmware-D/.extapps/hello_world/hello_world.o
 *fill*         0x0000000e        0x2 
 .text.draw_callback
                0x00000010       0x30 build/f7-firmware-D/.extapps/hello_world/hello_world.o
 .text.hello_world_app
                0x00000040       0xb4 build/f7-firmware-D/.extapps/hello_world/hello_world.o
                0x00000040                hello_world_app
 *(.text.*)
 *(.text._*)
 *(.init)
 *(.fini)

.rodata         0x000000f4       0x14
 *(.rodata)
 *(.rodata1)
 *(.rodata.*)
 .rodata.draw_callback.str1.4
                0x000000f4        0xe build/f7-firmware-D/.extapps/hello_world/hello_world.o
 *fill*         0x00000102        0x2 
 .rodata.hello_world_app.str1.4
                0x00000104        0x4 build/f7-firmware-D/.extapps/hello_world/hello_world.o

.data
 *(.data)
 *(.data1)
 *(.data.*)

.bss
 *(.bss)
 *(.bss*)
 *(.sbss)
 *(.sbss*)
 *(COMMON)

.stab
 *(.stab)

.stabstr
 *(.stabstr)

.stab.excl
 *(.stab.excl)

.stab.exclstr
 *(.stab.exclstr)

.stab.index
 *(.stab.index)

.stab.indexstr
 *(.stab.indexstr)

.gnu.build.attributes
 *(.gnu.build.attributes .gnu.build.attributes.*)

.debug
 *(.debug)

.line
 *(.line)

.debug_srcinfo
 *(.debug_srcinfo)

.debug_sfnames
 *(.debug_sfnames)

.debug_aranges  0x00000000       0x30
 *(.debug_aranges)
 .debug_aranges
                0x00000000       0x30 build/f7-firmware-D/.extapps/hello_world/hello_world.o

.debug_pubnames
 *(.debug_pubnames)

.debug_info     0x00000000      0x835
 *(.debug_info .gnu.linkonce.wi.*)
 .debug_info    0x00000000      0x835 build/f7-firmware-D/.extapps/hello_world/hello_world.o

.debug_abbrev   0x00000000      0x29b
 *(.debug_abbrev)
 .debug_abbrev  0x00000000      0x29b build/f7-firmware-D/.extapps/hello_world/hello_world.o

.debug_line     0x00000000      0x316
 *(.debug_line .debug_line.* .debug_line_end)
 .debug_line    0x00000000      0x281 build/f7-firmware-D/.extapps/hello_world/hello_world.o
 .debug_line.text.input_callback
                0x00000281       0x2a build/f7-firmware-D/.extapps/hello_world/hello_world.o
 .debug_line.text.draw_callback
                0x000002ab       0x1d build/f7-firmware-D/.extapps/hello_world/hello_world.o
 .debug_line.text.hello_world_app
                0x000002c8       0x4e build/f7-firmware-D/.extapps/hello_world/hello_world.o
 .debug_line_end
                0x00000316        0x0 build/f7-firmware-D/.extapps/hello_world/hello_world.o

.debug_frame    0x00000000       0x5c
 *(.debug_frame)
 .debug_frame   0x00000000       0x5c build/f7-firmware-D/.extapps/hello_world/hello_world.o

.debug_str      0x00000000      0x654
 *(.debug_str)
 .debug_str     0x00000000      0x654 build/f7-firmware-D/.extapps/hello_world/hello_world.o

.debug_loc
 *(.debug_loc)

.debug_macinfo
 *(.debug_macinfo)

.debug_weaknames
 *(.debug_weaknames)

.debug_funcnames
 *(.debug_funcnames)

.debug_typenames
 *(.debug_typenames)

.debug_varnames
 *(.debug_varnames)

.debug_pubtypes
 *(.debug_pubtypes)

.debug_ranges
 *(.debug_ranges)

.debug_addr
 *(.debug_addr)

.debug_line_str
 *(.debug_line_str)

.debug_loclists
                0x00000000       0x93
 *(.debug_loclists)
 .debug_loclists
                0x00000000       0x93 build/f7-firmware-D/.extapps/hello_world/hello_world.o

.debug_macro
 *(.debug_macro)

.debug_names
 *(.debug_names)

.debug_rnglists
                0x00000000       0x20
 *(.debug_rnglists)
 .debug_rnglists
                0x00000000       0x20 build/f7-firmware-D/.extapps/hello_world/hello_world.o

.debug_str_offsets
 *(.debug_str_offsets)

.debug_sup
 *(.debug_sup)

.ARM.attributes
                0x00000000       0x34
 *(.ARM.attributes)
 .ARM.attributes
                0x00000000       0x34 build/f7-firmware-D/.extapps/hello_world/hello_world.o
 *(.gnu.attributes)

.note.gnu.arm.ident
 *(.note.gnu.arm.ident)

/DISCARD/
 *(.note.GNU-stack)
 *(.gnu_debuglink)
 *(.gnu.lto_*)

/DISCARD/
 *(.comment)
 *(.comment.*)
 *(.llvmbc)
 *(.llvmcmd)
OUTPUT(build/f7-firmware-D/.extapps/hello_world_d.elf elf32-littlearm)
LOAD linker stubs
