
Discarded input sections

 .text          0x00000000        0x0 build/f7-firmware-C/.extapps/hello_world/hello_world.o
 .data          0x00000000        0x0 build/f7-firmware-C/.extapps/hello_world/hello_world.o
 .bss           0x00000000        0x0 build/f7-firmware-C/.extapps/hello_world/hello_world.o
 .comment       0x00000000       0x1c build/f7-firmware-C/.extapps/hello_world/hello_world.o

Memory Configuration

Name             Origin             Length             Attributes
*default*        0x00000000         0xffffffff

Linker script and memory map

LOAD build/f7-firmware-C/.extapps/hello_world/hello_world.o
LOAD /home/lasky/hello_world_app/flipperzero-firmware/toolchain/x86_64-linux/bin/../lib/gcc/arm-none-eabi/12.3.1/../../../../arm-none-eabi/lib/thumb/v7e-m+fp/hard/libm.a
LOAD /home/lasky/hello_world_app/flipperzero-firmware/toolchain/x86_64-linux/bin/../lib/gcc/arm-none-eabi/12.3.1/thumb/v7e-m+fp/hard/libgcc.a
LOAD /home/lasky/hello_world_app/flipperzero-firmware/toolchain/x86_64-linux/bin/../lib/gcc/arm-none-eabi/12.3.1/../../../../arm-none-eabi/lib/thumb/v7e-m+fp/hard/libstdc++_nano.a
LOAD /home/lasky/hello_world_app/flipperzero-firmware/toolchain/x86_64-linux/bin/../lib/gcc/arm-none-eabi/12.3.1/../../../../arm-none-eabi/lib/thumb/v7e-m+fp/hard/libsupc++_nano.a

.text           0x00000000      0x1b4
 *(.text)
 *(.stub)
 *(.text*)
 .text.input_callback
                0x00000000        0xc build/f7-firmware-C/.extapps/hello_world/hello_world.o
 .text.uart_rx_cb
                0x0000000c       0x1c build/f7-firmware-C/.extapps/hello_world/hello_world.o
 .text.draw_callback
                0x00000028       0x40 build/f7-firmware-C/.extapps/hello_world/hello_world.o
 .text.hello_world_app
                0x00000068      0x14c build/f7-firmware-C/.extapps/hello_world/hello_world.o
                0x00000068                hello_world_app
 *(.text.*)
 *(.text._*)
 *(.init)
 *(.fini)

.rodata         0x000001b4       0x14
 *(.rodata)
 *(.rodata1)
 *(.rodata.*)
 .rodata.uart_rx_cb.str1.1
                0x000001b4        0x5 build/f7-firmware-C/.extapps/hello_world/hello_world.o
 .rodata.draw_callback.str1.1
                0x000001b9        0xb build/f7-firmware-C/.extapps/hello_world/hello_world.o
 .rodata.hello_world_app.str1.1
                0x000001c4        0x4 build/f7-firmware-C/.extapps/hello_world/hello_world.o

.data
 *(.data)
 *(.data1)
 *(.data.*)

.bss            0x000001c8       0x2c
 *(.bss)
 *(.bss*)
 .bss.uart_display_len
                0x000001c8        0x4 build/f7-firmware-C/.extapps/hello_world/hello_world.o
 .bss.uart_display_line
                0x000001cc       0x21 build/f7-firmware-C/.extapps/hello_world/hello_world.o
 *fill*         0x000001ed        0x3 
 .bss.uart_rx_stream
                0x000001f0        0x4 build/f7-firmware-C/.extapps/hello_world/hello_world.o
 *(.sbss)
 *(.sbss*)
 *(COMMON)

.stab
 *(.stab)

.stabstr
 *(.stabstr)

.stab.excl
 *(.stab.excl)

.stab.exclstr
 *(.stab.exclstr)

.stab.index
 *(.stab.index)

.stab.indexstr
 *(.stab.indexstr)

.gnu.build.attributes
 *(.gnu.build.attributes .gnu.build.attributes.*)

.debug
 *(.debug)

.line
 *(.line)

.debug_srcinfo
 *(.debug_srcinfo)

.debug_sfnames
 *(.debug_sfnames)

.debug_aranges  0x00000000       0x38
 *(.debug_aranges)
 .debug_aranges
                0x00000000       0x38 build/f7-firmware-C/.extapps/hello_world/hello_world.o

.debug_pubnames
 *(.debug_pubnames)

.debug_info     0x00000000      0xb3a
 *(.debug_info .gnu.linkonce.wi.*)
 .debug_info    0x00000000      0xb3a build/f7-firmware-C/.extapps/hello_world/hello_world.o

.debug_abbrev   0x00000000      0x29b
 *(.debug_abbrev)
 .debug_abbrev  0x00000000      0x29b build/f7-firmware-C/.extapps/hello_world/hello_world.o

.debug_line     0x00000000      0x47a
 *(.debug_line .debug_line.* .debug_line_end)
 .debug_line    0x00000000      0x32e build/f7-firmware-C/.extapps/hello_world/hello_world.o
 .debug_line.text.input_callback
                0x0000032e       0x24 build/f7-firmware-C/.extapps/hello_world/hello_world.o
 .debug_line.text.uart_rx_cb
                0x00000352       0x2d build/f7-firmware-C/.extapps/hello_world/hello_world.o
 .debug_line.text.draw_callback
                0x0000037f       0x2f build/f7-firmware-C/.extapps/hello_world/hello_world.o
 .debug_line.text.hello_world_app
                0x000003ae       0xcc build/f7-firmware-C/.extapps/hello_world/hello_world.o
 .debug_line_end
                0x0000047a        0x0 build/f7-firmware-C/.extapps/hello_world/hello_world.o

.debug_frame    0x00000000       0x88
 *(.debug_frame)
 .debug_frame   0x00000000       0x88 build/f7-firmware-C/.extapps/hello_world/hello_world.o

.debug_str      0x00000000      0x87d
 *(.debug_str)
 .debug_str     0x00000000      0x87d build/f7-firmware-C/.extapps/hello_world/hello_world.o

.debug_loc
 *(.debug_loc)

.debug_macinfo
 *(.debug_macinfo)

.debug_weaknames
 *(.debug_weaknames)

.debug_funcnames
 *(.debug_funcnames)

.debug_typenames
 *(.debug_typenames)

.debug_varnames
 *(.debug_varnames)

.debug_pubtypes
 *(.debug_pubtypes)

.debug_ranges
 *(.debug_ranges)

.debug_addr
 *(.debug_addr)

.debug_line_str
 *(.debug_line_str)

.debug_loclists
                0x00000000      0x114
 *(.debug_loclists)
 .debug_loclists
                0x00000000      0x114 build/f7-firmware-C/.extapps/hello_world/hello_world.o

.debug_macro
 *(.debug_macro)

.debug_names
 *(.debug_names)

.debug_rnglists
                0x00000000       0x26
 *(.debug_rnglists)
 .debug_rnglists
                0x00000000       0x26 build/f7-firmware-C/.extapps/hello_world/hello_world.o

.debug_str_offsets
 *(.debug_str_offsets)

.debug_sup
 *(.debug_sup)

.ARM.attributes
                0x00000000       0x34
 *(.ARM.attributes)
 .ARM.attributes
                0x00000000       0x34 build/f7-firmware-C/.extapps/hello_world/hello_world.o
 *(.gnu.attributes)

.note.gnu.arm.ident
 *(.note.gnu.arm.ident)

/DISCARD/
 *(.note.GNU-stack)
 *(.gnu_debuglink)
 *(.gnu.lto_*)

/DISCARD/
 *(.comment)
 *(.comment.*)
 *(.llvmbc)
 *(.llvmcmd)
OUTPUT(build/f7-firmware-C/.extapps/hello_world_d.elf elf32-littlearm)
LOAD linker stubs
